{
  "timestamp": "2026-08-14 17:42:07.664485",
  "device_info": {
    "serial_number": "AD4ANjgwUAcgOTdX",
    "model": "0",
    "git_hash": "87ac76a62dc39b10b3d229839404485e7ff16ae0",
    "git_dirty": true,
    "git_timestamp": 1786727921,
    "uuid": "f92c99e2-b97b-44bf-9e08-3ffdd363e0c9"
  },
  "calibration": {
    "invert": false,
    "phase_invert": false,
    "poles": 14,
    "offset": [
      2.869778210241591,
      2.723624412563712,
      2.704632023577192,
      2.8783800765588823,
      2.9726124743382467,
      2.8271370436640164,
      2.6428549508048658,
      2.6885248882825734,
      2.8779465597098572,
      2.8524010744262895,
      2.7035859796719928,
      2.6164851935489515,
      2.8517333765822706,
      2.9958907646061546,
      2.9169185318583075,
      2.636173774448431,
      2.632540267399117,
      2.81761547386593,
      2.880638156587157,
      2.725491900666931,
      2.536894486630082,
      2.676515437359503,
      2.8648849036460335,
      2.8624338228973296,
      2.686045783456606,
      2.621816730764039,
      2.795558327032921,
      2.882226405605576,
      2.752658128375256,
      2.582933528775086,
      2.628292961059256,
      2.793281872471639,
      2.831187597030977,
      2.6971608706196784,
      2.674071110513239,
      2.8280367417545613,
      2.926569681406475,
      2.7939656011518585,
      2.610688392426936,
      2.620704274223366,
      2.811737215138845,
      2.7893770490793504,
      2.64313209425025,
      2.5386078604911444,
      2.741912044404627,
      2.9203068190638755,
      2.836265950987586,
      2.636463749211961,
      2.62116335768457,
      2.823447044009111,
      2.873545199244699,
      2.7127612616961754,
      2.5270146734262613,
      2.664555307039292,
      2.8564797943095894,
      2.8576990278205,
      2.6885207150225408,
      2.628867147897999,
      2.811876075879576,
      2.8922353367905402,
      2.764290739971674,
      2.596377598599294,
      2.6603995020145295,
      2.8411537821200876
    ],
    "fit_metric": 5.347972461123496,
    "current_quality_factor": 123.80364212436501
  },
  "winding_resistance": 0.3932314633773025,
  "inductance": 0.00019336085130167843,
  "inductance_d": 0.0001975853178315828,
  "inductance_q": 0.00018406198004348767,
  "inductance_d_scale": 0.0,
  "pid_dq_kp": 0.24298441197648854,
  "pid_q_kp": 0.24298441197648854,
  "pid_dq_ki": 494.149230602599,
  "torque_bw_hz": 200.0,
  "encoder_filter_bw_hz": 200.0,
  "encoder_filter_kp": 1013.4169850289654,
  "encoder_filter_ki": 256753.49638629958,
  "kv": 157.23105613543476,
  "unwrapped_position_scale": 1.0,
  "motor_position_output_sign": 1.0,
  "abi_version": 65792,
  "voltage_mode_control": false,
  "py_version": "dev"
}
