{
  "timestamp": "2026-08-14 20:41:30.809619",
  "device_info": {
    "serial_number": "AD4AVzgwUAcgOTdX",
    "model": "0",
    "git_hash": "87ac76a62dc39b10b3d229839404485e7ff16ae0",
    "git_dirty": true,
    "git_timestamp": 1786727921,
    "uuid": "d274af03-3c8c-4cd6-bea6-a9801d3cfce4"
  },
  "calibration": {
    "invert": false,
    "phase_invert": true,
    "poles": 14,
    "offset": [
      2.6736033291400214,
      2.6897645756068873,
      2.7027122154910552,
      2.7184698416289814,
      2.722531567228866,
      2.729929977736638,
      2.730437741152971,
      2.7193406745699167,
      2.7049952316120947,
      2.69423319741029,
      2.6925536740774763,
      2.7003606164730822,
      2.7126193306932285,
      2.7098038031394136,
      2.705848801406221,
      2.7002508356221395,
      2.6937821184196102,
      2.6804638471996127,
      2.6658657728190485,
      2.658355027989016,
      2.661497676206881,
      2.685793458166788,
      2.6993269328528426,
      2.7033493904120434,
      2.6910370187623465,
      2.667628427647486,
      2.646751884782421,
      2.637672013088738,
      2.62450952616455,
      2.607207923959659,
      2.6030857406584196,
      2.6107872133148073,
      2.6377969261935714,
      2.6643616728540276,
      2.6818835971618658,
      2.6855238796369605,
      2.6831228713963196,
      2.681555907128134,
      2.6787476758337974,
      2.67897880936458,
      2.673748474526513,
      2.6730441177122977,
      2.6854869694764316,
      2.7002493490714716,
      2.701023331892398,
      2.694438909613864,
      2.680720379478873,
      2.6646462809953806,
      2.6619024573299748,
      2.6560880632537547,
      2.647748857696745,
      2.648190370371669,
      2.6579310497905397,
      2.6754049707412393,
      2.697604492225502,
      2.7079256167535295,
      2.7025874198652744,
      2.695469655312074,
      2.6911065068269533,
      2.6865253818757924,
      2.6805922279469256,
      2.669886768538842,
      2.655228622056102,
      2.6564986182123356
    ],
    "fit_metric": 11.506858449923486,
    "current_quality_factor": 144.7002951179471
  },
  "winding_resistance": 0.7371062447250144,
  "inductance": 0.00032449847604856135,
  "inductance_d": 0.0003295490757319664,
  "inductance_q": 0.0003381945123139205,
  "inductance_d_scale": 0.0,
  "pid_dq_kp": 0.40777681138209754,
  "pid_q_kp": 0.40777681138209754,
  "pid_dq_ki": 926.2750253373063,
  "torque_bw_hz": 200.0,
  "encoder_filter_bw_hz": 200.0,
  "encoder_filter_kp": 1013.4169850289654,
  "encoder_filter_ki": 256753.49638629958,
  "kv": 145.6195505109046,
  "unwrapped_position_scale": 1.0,
  "motor_position_output_sign": 1.0,
  "abi_version": 65792,
  "voltage_mode_control": false,
  "py_version": "dev"
}
